1710423318530: 1
1710423318531: 2
1710423318532: 3
1710423319533: 4
1710423320534: 5
1710423321535: 6
1710423322536: 7
1710423323537: 8
1710423324538: 9
1710423325539: 10
1710423326540: 11
1710423327541: 12
1710423328542: 13
1710423329543: 14
1710423330544: 15
1710423331545: 16
1710423332546: 17
1710423333547: 18
1710423334547: 19
1710423335547: 20
1710423336548: 21
1710423337549: 22
1710423338550: 23
1710423339551: 24
1710423340552: 25
1710423341553: 26
1710423342554: 27
1710423343555: 28
1710423344556: 29
1710423345557: 30
1710423346558: 31
1710423347559: 32
1710423348560: 33
1710423349561: 34
1710423350562: 35
1710423351563: 36
1710423352563: 37
1710423353564: 38
1710423354565: 39
1710423355566: 40
1710423356567: 41
1710423357568: 42
1710423358569: 43
1710423359570: 44
1710423360571: 45
1710423361572: 46
1710423362573: 47
1710423363574: 48
1710423364575: 49
1710423365576: 50
1710423366577: 51
1710423367578: 52
1710423368579: 53
1710423369580: 54
1710423370581: 55
1710423371582: 56
1710423372583: 57
1710423373584: 58
1710423374585: 59
1710423375586: 60
1710423376587: 61
1710423377588: 62
1710423378589: 63
1710423379590: 64
1710423380590: 65
1710423381591: 66
1710423382592: 67
1710423383594: 68
1710423384595: 69
1710423385596: 70
1710423386597: 71
1710423387598: 72
1710423388598: 73
1710423389600: 74
1710423390601: 75
1710423391602: 76
1710423392603: 77
1710423393604: 78
1710423394605: 79
1710423395606: 80
1710423396607: 81
1710423397608: 82
1710423398609: 83
1710423399610: 84
1710423400610: 85
1710423401610: 86
1710423402611: 87
1710423403612: 88
1710423404613: 89
1710423405614: 90
1710423406614: 91
1710423405614: 92
1710423406614: 93